<div>
  <button
    class="mm-box mm-picker-network mm-box--padding-right-2 mm-box--padding-left
