exports[`AdditionalNetworksInfo renders correctly 1`] = `
<div>
  <div class="mm-box mm-box--padding-4 mm-box--padding-top-2">
    <div class="mm-box mm-box--display-flex mm-box--justify-content-space-between">
      <div class="mm-box mm-box--display-inline-flex">
        <p class="mm-text mm-text--body-md-medium add-network__label">Additional networks</p>
        <span class="add-network__warning-icon mm-icon mm-icon--size-sm" style="mask-image: url('./images/icons/info.svg');"/>
      </div>
    </div>
  </div>
</div>
`;
